 
****************************************
Report : port
Design : system_top_dft
Version: K-2015.06
Date   : Sun Sep 28 04:44:30 2025
****************************************


                       Pin      Wire     Max     Max     Connection
Port           Dir     Load     Load     Trans   Cap     Class      Attrs
--------------------------------------------------------------------------------
REF_CLK        in      0.0000   0.0000   --      --      --         
RST            in      0.0000   0.0000   --      --      --         
RX_IN          in      0.0000   0.0000    1.50    0.18   --         
SE             in      0.0000   0.0000    1.50    0.18   --         
SI[0]          in      0.0000   0.0000    1.50    0.18   --         
SI[1]          in      0.0000   0.0000    1.50    0.18   --         
SI[2]          in      0.0000   0.0000    1.50    0.18   --         
UART_CLK       in      0.0000   0.0000   --      --      --         
scan_clk       in      0.0000   0.0000   --      --      --         
scan_rst       in      0.0000   0.0000   --      --      --         
test_mode      in      0.0000   0.0000    1.50    0.18   --         
test_si4       in      0.0000   0.0000   --      --      --         
Parity_Error   out     0.1000   0.0000   --      --      --         
SO[0]          out     0.1000   0.0000   --      --      --         
SO[1]          out     0.1000   0.0000   --      --      --         
SO[2]          out     0.1000   0.0000   --      --      --         
Stop_Error     out     0.1000   0.0000   --      --      --         
TX_OUT         out     0.1000   0.0000   --      --      --         
test_so4       out     0.0000   0.0000   --      --      --         

1
