**************************************************
Report         : passing_points

Reference      : r:/WORK/system_top
Implementation : i:/WORK/system_top
Version        : L-2016.03-SP1
Date           : Sat Sep 27 04:35:08 2025
**************************************************

379 Passing compare points:

  Ref  DFF        r:/WORK/system_top/ALU_INST/ALU_OUT_reg[0]
  Impl DFF        i:/WORK/system_top/ALU_INST/ALU_OUT_reg[0]

  Ref  DFF        r:/WORK/system_top/ALU_INST/ALU_OUT_reg[10]
  Impl DFF        i:/WORK/system_top/ALU_INST/ALU_OUT_reg[10]

  Ref  DFF        r:/WORK/system_top/ALU_INST/ALU_OUT_reg[11]
  Impl DFF        i:/WORK/system_top/ALU_INST/ALU_OUT_reg[11]

  Ref  DFF        r:/WORK/system_top/ALU_INST/ALU_OUT_reg[12]
  Impl DFF        i:/WORK/system_top/ALU_INST/ALU_OUT_reg[12]

  Ref  DFF        r:/WORK/system_top/ALU_INST/ALU_OUT_reg[13]
  Impl DFF        i:/WORK/system_top/ALU_INST/ALU_OUT_reg[13]

  Ref  DFF        r:/WORK/system_top/ALU_INST/ALU_OUT_reg[14]
  Impl DFF        i:/WORK/system_top/ALU_INST/ALU_OUT_reg[14]

  Ref  DFF        r:/WORK/system_top/ALU_INST/ALU_OUT_reg[15]
  Impl DFF        i:/WORK/system_top/ALU_INST/ALU_OUT_reg[15]

  Ref  DFF        r:/WORK/system_top/ALU_INST/ALU_OUT_reg[1]
  Impl DFF        i:/WORK/system_top/ALU_INST/ALU_OUT_reg[1]

  Ref  DFF        r:/WORK/system_top/ALU_INST/ALU_OUT_reg[2]
  Impl DFF        i:/WORK/system_top/ALU_INST/ALU_OUT_reg[2]

  Ref  DFF        r:/WORK/system_top/ALU_INST/ALU_OUT_reg[3]
  Impl DFF        i:/WORK/system_top/ALU_INST/ALU_OUT_reg[3]

  Ref  DFF        r:/WORK/system_top/ALU_INST/ALU_OUT_reg[4]
  Impl DFF        i:/WORK/system_top/ALU_INST/ALU_OUT_reg[4]

  Ref  DFF        r:/WORK/system_top/ALU_INST/ALU_OUT_reg[5]
  Impl DFF        i:/WORK/system_top/ALU_INST/ALU_OUT_reg[5]

  Ref  DFF        r:/WORK/system_top/ALU_INST/ALU_OUT_reg[6]
  Impl DFF        i:/WORK/system_top/ALU_INST/ALU_OUT_reg[6]

  Ref  DFF        r:/WORK/system_top/ALU_INST/ALU_OUT_reg[7]
  Impl DFF        i:/WORK/system_top/ALU_INST/ALU_OUT_reg[7]

  Ref  DFF        r:/WORK/system_top/ALU_INST/ALU_OUT_reg[8]
  Impl DFF        i:/WORK/system_top/ALU_INST/ALU_OUT_reg[8]

  Ref  DFF        r:/WORK/system_top/ALU_INST/ALU_OUT_reg[9]
  Impl DFF        i:/WORK/system_top/ALU_INST/ALU_OUT_reg[9]

  Ref  DFF        r:/WORK/system_top/ALU_INST/OUT_VALID_reg
  Impl DFF        i:/WORK/system_top/ALU_INST/OUT_VALID_reg

  Ref  DFF        r:/WORK/system_top/ASYNC_FIFO_inst/DF_SYNC_r/out1_reg[0]
  Impl DFF        i:/WORK/system_top/ASYNC_FIFO_inst/DF_SYNC_r/out1_reg[0]

  Ref  DFF        r:/WORK/system_top/ASYNC_FIFO_inst/DF_SYNC_r/out1_reg[1]
  Impl DFF        i:/WORK/system_top/ASYNC_FIFO_inst/DF_SYNC_r/out1_reg[1]

  Ref  DFF        r:/WORK/system_top/ASYNC_FIFO_inst/DF_SYNC_r/out1_reg[2]
  Impl DFF        i:/WORK/system_top/ASYNC_FIFO_inst/DF_SYNC_r/out1_reg[2]

  Ref  DFF        r:/WORK/system_top/ASYNC_FIFO_inst/DF_SYNC_r/out1_reg[3]
  Impl DFF        i:/WORK/system_top/ASYNC_FIFO_inst/DF_SYNC_r/out1_reg[3]

  Ref  DFF        r:/WORK/system_top/ASYNC_FIFO_inst/DF_SYNC_r/out2_reg[0]
  Impl DFF        i:/WORK/system_top/ASYNC_FIFO_inst/DF_SYNC_r/out2_reg[0]

  Ref  DFF        r:/WORK/system_top/ASYNC_FIFO_inst/DF_SYNC_r/out2_reg[1]
  Impl DFF        i:/WORK/system_top/ASYNC_FIFO_inst/DF_SYNC_r/out2_reg[1]

  Ref  DFF        r:/WORK/system_top/ASYNC_FIFO_inst/DF_SYNC_r/out2_reg[2]
  Impl DFF        i:/WORK/system_top/ASYNC_FIFO_inst/DF_SYNC_r/out2_reg[2]

  Ref  DFF        r:/WORK/system_top/ASYNC_FIFO_inst/DF_SYNC_r/out2_reg[3]
  Impl DFF        i:/WORK/system_top/ASYNC_FIFO_inst/DF_SYNC_r/out2_reg[3]

  Ref  DFF        r:/WORK/system_top/ASYNC_FIFO_inst/DF_SYNC_w/out1_reg[0]
  Impl DFF        i:/WORK/system_top/ASYNC_FIFO_inst/DF_SYNC_w/out1_reg[0]

  Ref  DFF        r:/WORK/system_top/ASYNC_FIFO_inst/DF_SYNC_w/out1_reg[1]
  Impl DFF        i:/WORK/system_top/ASYNC_FIFO_inst/DF_SYNC_w/out1_reg[1]

  Ref  DFF        r:/WORK/system_top/ASYNC_FIFO_inst/DF_SYNC_w/out1_reg[2]
  Impl DFF        i:/WORK/system_top/ASYNC_FIFO_inst/DF_SYNC_w/out1_reg[2]

  Ref  DFF        r:/WORK/system_top/ASYNC_FIFO_inst/DF_SYNC_w/out1_reg[3]
  Impl DFF        i:/WORK/system_top/ASYNC_FIFO_inst/DF_SYNC_w/out1_reg[3]

  Ref  DFF        r:/WORK/system_top/ASYNC_FIFO_inst/DF_SYNC_w/out2_reg[0]
  Impl DFF        i:/WORK/system_top/ASYNC_FIFO_inst/DF_SYNC_w/out2_reg[0]

  Ref  DFF        r:/WORK/system_top/ASYNC_FIFO_inst/DF_SYNC_w/out2_reg[1]
  Impl DFF        i:/WORK/system_top/ASYNC_FIFO_inst/DF_SYNC_w/out2_reg[1]

  Ref  DFF        r:/WORK/system_top/ASYNC_FIFO_inst/DF_SYNC_w/out2_reg[2]
  Impl DFF        i:/WORK/system_top/ASYNC_FIFO_inst/DF_SYNC_w/out2_reg[2]

  Ref  DFF        r:/WORK/system_top/ASYNC_FIFO_inst/DF_SYNC_w/out2_reg[3]
  Impl DFF        i:/WORK/system_top/ASYNC_FIFO_inst/DF_SYNC_w/out2_reg[3]

  Ref  DFF        r:/WORK/system_top/ASYNC_FIFO_inst/fifo_mem_ctrl/mem_reg[0][0]
  Impl DFF        i:/WORK/system_top/ASYNC_FIFO_inst/fifo_mem_ctrl/mem_reg[0][0]

  Ref  DFF        r:/WORK/system_top/ASYNC_FIFO_inst/fifo_mem_ctrl/mem_reg[0][1]
  Impl DFF        i:/WORK/system_top/ASYNC_FIFO_inst/fifo_mem_ctrl/mem_reg[0][1]

  Ref  DFF        r:/WORK/system_top/ASYNC_FIFO_inst/fifo_mem_ctrl/mem_reg[0][2]
  Impl DFF        i:/WORK/system_top/ASYNC_FIFO_inst/fifo_mem_ctrl/mem_reg[0][2]

  Ref  DFF        r:/WORK/system_top/ASYNC_FIFO_inst/fifo_mem_ctrl/mem_reg[0][3]
  Impl DFF        i:/WORK/system_top/ASYNC_FIFO_inst/fifo_mem_ctrl/mem_reg[0][3]

  Ref  DFF        r:/WORK/system_top/ASYNC_FIFO_inst/fifo_mem_ctrl/mem_reg[0][4]
  Impl DFF        i:/WORK/system_top/ASYNC_FIFO_inst/fifo_mem_ctrl/mem_reg[0][4]

  Ref  DFF        r:/WORK/system_top/ASYNC_FIFO_inst/fifo_mem_ctrl/mem_reg[0][5]
  Impl DFF        i:/WORK/system_top/ASYNC_FIFO_inst/fifo_mem_ctrl/mem_reg[0][5]

  Ref  DFF        r:/WORK/system_top/ASYNC_FIFO_inst/fifo_mem_ctrl/mem_reg[0][6]
  Impl DFF        i:/WORK/system_top/ASYNC_FIFO_inst/fifo_mem_ctrl/mem_reg[0][6]

  Ref  DFF        r:/WORK/system_top/ASYNC_FIFO_inst/fifo_mem_ctrl/mem_reg[0][7]
  Impl DFF        i:/WORK/system_top/ASYNC_FIFO_inst/fifo_mem_ctrl/mem_reg[0][7]

  Ref  DFF        r:/WORK/system_top/ASYNC_FIFO_inst/fifo_mem_ctrl/mem_reg[1][0]
  Impl DFF        i:/WORK/system_top/ASYNC_FIFO_inst/fifo_mem_ctrl/mem_reg[1][0]

  Ref  DFF        r:/WORK/system_top/ASYNC_FIFO_inst/fifo_mem_ctrl/mem_reg[1][1]
  Impl DFF        i:/WORK/system_top/ASYNC_FIFO_inst/fifo_mem_ctrl/mem_reg[1][1]

  Ref  DFF        r:/WORK/system_top/ASYNC_FIFO_inst/fifo_mem_ctrl/mem_reg[1][2]
  Impl DFF        i:/WORK/system_top/ASYNC_FIFO_inst/fifo_mem_ctrl/mem_reg[1][2]

  Ref  DFF        r:/WORK/system_top/ASYNC_FIFO_inst/fifo_mem_ctrl/mem_reg[1][3]
  Impl DFF        i:/WORK/system_top/ASYNC_FIFO_inst/fifo_mem_ctrl/mem_reg[1][3]

  Ref  DFF        r:/WORK/system_top/ASYNC_FIFO_inst/fifo_mem_ctrl/mem_reg[1][4]
  Impl DFF        i:/WORK/system_top/ASYNC_FIFO_inst/fifo_mem_ctrl/mem_reg[1][4]

  Ref  DFF        r:/WORK/system_top/ASYNC_FIFO_inst/fifo_mem_ctrl/mem_reg[1][5]
  Impl DFF        i:/WORK/system_top/ASYNC_FIFO_inst/fifo_mem_ctrl/mem_reg[1][5]

  Ref  DFF        r:/WORK/system_top/ASYNC_FIFO_inst/fifo_mem_ctrl/mem_reg[1][6]
  Impl DFF        i:/WORK/system_top/ASYNC_FIFO_inst/fifo_mem_ctrl/mem_reg[1][6]

  Ref  DFF        r:/WORK/system_top/ASYNC_FIFO_inst/fifo_mem_ctrl/mem_reg[1][7]
  Impl DFF        i:/WORK/system_top/ASYNC_FIFO_inst/fifo_mem_ctrl/mem_reg[1][7]

  Ref  DFF        r:/WORK/system_top/ASYNC_FIFO_inst/fifo_mem_ctrl/mem_reg[2][0]
  Impl DFF        i:/WORK/system_top/ASYNC_FIFO_inst/fifo_mem_ctrl/mem_reg[2][0]

  Ref  DFF        r:/WORK/system_top/ASYNC_FIFO_inst/fifo_mem_ctrl/mem_reg[2][1]
  Impl DFF        i:/WORK/system_top/ASYNC_FIFO_inst/fifo_mem_ctrl/mem_reg[2][1]

  Ref  DFF        r:/WORK/system_top/ASYNC_FIFO_inst/fifo_mem_ctrl/mem_reg[2][2]
  Impl DFF        i:/WORK/system_top/ASYNC_FIFO_inst/fifo_mem_ctrl/mem_reg[2][2]

  Ref  DFF        r:/WORK/system_top/ASYNC_FIFO_inst/fifo_mem_ctrl/mem_reg[2][3]
  Impl DFF        i:/WORK/system_top/ASYNC_FIFO_inst/fifo_mem_ctrl/mem_reg[2][3]

  Ref  DFF        r:/WORK/system_top/ASYNC_FIFO_inst/fifo_mem_ctrl/mem_reg[2][4]
  Impl DFF        i:/WORK/system_top/ASYNC_FIFO_inst/fifo_mem_ctrl/mem_reg[2][4]

  Ref  DFF        r:/WORK/system_top/ASYNC_FIFO_inst/fifo_mem_ctrl/mem_reg[2][5]
  Impl DFF        i:/WORK/system_top/ASYNC_FIFO_inst/fifo_mem_ctrl/mem_reg[2][5]

  Ref  DFF        r:/WORK/system_top/ASYNC_FIFO_inst/fifo_mem_ctrl/mem_reg[2][6]
  Impl DFF        i:/WORK/system_top/ASYNC_FIFO_inst/fifo_mem_ctrl/mem_reg[2][6]

  Ref  DFF        r:/WORK/system_top/ASYNC_FIFO_inst/fifo_mem_ctrl/mem_reg[2][7]
  Impl DFF        i:/WORK/system_top/ASYNC_FIFO_inst/fifo_mem_ctrl/mem_reg[2][7]

  Ref  DFF        r:/WORK/system_top/ASYNC_FIFO_inst/fifo_mem_ctrl/mem_reg[3][0]
  Impl DFF        i:/WORK/system_top/ASYNC_FIFO_inst/fifo_mem_ctrl/mem_reg[3][0]

  Ref  DFF        r:/WORK/system_top/ASYNC_FIFO_inst/fifo_mem_ctrl/mem_reg[3][1]
  Impl DFF        i:/WORK/system_top/ASYNC_FIFO_inst/fifo_mem_ctrl/mem_reg[3][1]

  Ref  DFF        r:/WORK/system_top/ASYNC_FIFO_inst/fifo_mem_ctrl/mem_reg[3][2]
  Impl DFF        i:/WORK/system_top/ASYNC_FIFO_inst/fifo_mem_ctrl/mem_reg[3][2]

  Ref  DFF        r:/WORK/system_top/ASYNC_FIFO_inst/fifo_mem_ctrl/mem_reg[3][3]
  Impl DFF        i:/WORK/system_top/ASYNC_FIFO_inst/fifo_mem_ctrl/mem_reg[3][3]

  Ref  DFF        r:/WORK/system_top/ASYNC_FIFO_inst/fifo_mem_ctrl/mem_reg[3][4]
  Impl DFF        i:/WORK/system_top/ASYNC_FIFO_inst/fifo_mem_ctrl/mem_reg[3][4]

  Ref  DFF        r:/WORK/system_top/ASYNC_FIFO_inst/fifo_mem_ctrl/mem_reg[3][5]
  Impl DFF        i:/WORK/system_top/ASYNC_FIFO_inst/fifo_mem_ctrl/mem_reg[3][5]

  Ref  DFF        r:/WORK/system_top/ASYNC_FIFO_inst/fifo_mem_ctrl/mem_reg[3][6]
  Impl DFF        i:/WORK/system_top/ASYNC_FIFO_inst/fifo_mem_ctrl/mem_reg[3][6]

  Ref  DFF        r:/WORK/system_top/ASYNC_FIFO_inst/fifo_mem_ctrl/mem_reg[3][7]
  Impl DFF        i:/WORK/system_top/ASYNC_FIFO_inst/fifo_mem_ctrl/mem_reg[3][7]

  Ref  DFF        r:/WORK/system_top/ASYNC_FIFO_inst/fifo_mem_ctrl/mem_reg[4][0]
  Impl DFF        i:/WORK/system_top/ASYNC_FIFO_inst/fifo_mem_ctrl/mem_reg[4][0]

  Ref  DFF        r:/WORK/system_top/ASYNC_FIFO_inst/fifo_mem_ctrl/mem_reg[4][1]
  Impl DFF        i:/WORK/system_top/ASYNC_FIFO_inst/fifo_mem_ctrl/mem_reg[4][1]

  Ref  DFF        r:/WORK/system_top/ASYNC_FIFO_inst/fifo_mem_ctrl/mem_reg[4][2]
  Impl DFF        i:/WORK/system_top/ASYNC_FIFO_inst/fifo_mem_ctrl/mem_reg[4][2]

  Ref  DFF        r:/WORK/system_top/ASYNC_FIFO_inst/fifo_mem_ctrl/mem_reg[4][3]
  Impl DFF        i:/WORK/system_top/ASYNC_FIFO_inst/fifo_mem_ctrl/mem_reg[4][3]

  Ref  DFF        r:/WORK/system_top/ASYNC_FIFO_inst/fifo_mem_ctrl/mem_reg[4][4]
  Impl DFF        i:/WORK/system_top/ASYNC_FIFO_inst/fifo_mem_ctrl/mem_reg[4][4]

  Ref  DFF        r:/WORK/system_top/ASYNC_FIFO_inst/fifo_mem_ctrl/mem_reg[4][5]
  Impl DFF        i:/WORK/system_top/ASYNC_FIFO_inst/fifo_mem_ctrl/mem_reg[4][5]

  Ref  DFF        r:/WORK/system_top/ASYNC_FIFO_inst/fifo_mem_ctrl/mem_reg[4][6]
  Impl DFF        i:/WORK/system_top/ASYNC_FIFO_inst/fifo_mem_ctrl/mem_reg[4][6]

  Ref  DFF        r:/WORK/system_top/ASYNC_FIFO_inst/fifo_mem_ctrl/mem_reg[4][7]
  Impl DFF        i:/WORK/system_top/ASYNC_FIFO_inst/fifo_mem_ctrl/mem_reg[4][7]

  Ref  DFF        r:/WORK/system_top/ASYNC_FIFO_inst/fifo_mem_ctrl/mem_reg[5][0]
  Impl DFF        i:/WORK/system_top/ASYNC_FIFO_inst/fifo_mem_ctrl/mem_reg[5][0]

  Ref  DFF        r:/WORK/system_top/ASYNC_FIFO_inst/fifo_mem_ctrl/mem_reg[5][1]
  Impl DFF        i:/WORK/system_top/ASYNC_FIFO_inst/fifo_mem_ctrl/mem_reg[5][1]

  Ref  DFF        r:/WORK/system_top/ASYNC_FIFO_inst/fifo_mem_ctrl/mem_reg[5][2]
  Impl DFF        i:/WORK/system_top/ASYNC_FIFO_inst/fifo_mem_ctrl/mem_reg[5][2]

  Ref  DFF        r:/WORK/system_top/ASYNC_FIFO_inst/fifo_mem_ctrl/mem_reg[5][3]
  Impl DFF        i:/WORK/system_top/ASYNC_FIFO_inst/fifo_mem_ctrl/mem_reg[5][3]

  Ref  DFF        r:/WORK/system_top/ASYNC_FIFO_inst/fifo_mem_ctrl/mem_reg[5][4]
  Impl DFF        i:/WORK/system_top/ASYNC_FIFO_inst/fifo_mem_ctrl/mem_reg[5][4]

  Ref  DFF        r:/WORK/system_top/ASYNC_FIFO_inst/fifo_mem_ctrl/mem_reg[5][5]
  Impl DFF        i:/WORK/system_top/ASYNC_FIFO_inst/fifo_mem_ctrl/mem_reg[5][5]

  Ref  DFF        r:/WORK/system_top/ASYNC_FIFO_inst/fifo_mem_ctrl/mem_reg[5][6]
  Impl DFF        i:/WORK/system_top/ASYNC_FIFO_inst/fifo_mem_ctrl/mem_reg[5][6]

  Ref  DFF        r:/WORK/system_top/ASYNC_FIFO_inst/fifo_mem_ctrl/mem_reg[5][7]
  Impl DFF        i:/WORK/system_top/ASYNC_FIFO_inst/fifo_mem_ctrl/mem_reg[5][7]

  Ref  DFF        r:/WORK/system_top/ASYNC_FIFO_inst/fifo_mem_ctrl/mem_reg[6][0]
  Impl DFF        i:/WORK/system_top/ASYNC_FIFO_inst/fifo_mem_ctrl/mem_reg[6][0]

  Ref  DFF        r:/WORK/system_top/ASYNC_FIFO_inst/fifo_mem_ctrl/mem_reg[6][1]
  Impl DFF        i:/WORK/system_top/ASYNC_FIFO_inst/fifo_mem_ctrl/mem_reg[6][1]

  Ref  DFF        r:/WORK/system_top/ASYNC_FIFO_inst/fifo_mem_ctrl/mem_reg[6][2]
  Impl DFF        i:/WORK/system_top/ASYNC_FIFO_inst/fifo_mem_ctrl/mem_reg[6][2]

  Ref  DFF        r:/WORK/system_top/ASYNC_FIFO_inst/fifo_mem_ctrl/mem_reg[6][3]
  Impl DFF        i:/WORK/system_top/ASYNC_FIFO_inst/fifo_mem_ctrl/mem_reg[6][3]

  Ref  DFF        r:/WORK/system_top/ASYNC_FIFO_inst/fifo_mem_ctrl/mem_reg[6][4]
  Impl DFF        i:/WORK/system_top/ASYNC_FIFO_inst/fifo_mem_ctrl/mem_reg[6][4]

  Ref  DFF        r:/WORK/system_top/ASYNC_FIFO_inst/fifo_mem_ctrl/mem_reg[6][5]
  Impl DFF        i:/WORK/system_top/ASYNC_FIFO_inst/fifo_mem_ctrl/mem_reg[6][5]

  Ref  DFF        r:/WORK/system_top/ASYNC_FIFO_inst/fifo_mem_ctrl/mem_reg[6][6]
  Impl DFF        i:/WORK/system_top/ASYNC_FIFO_inst/fifo_mem_ctrl/mem_reg[6][6]

  Ref  DFF        r:/WORK/system_top/ASYNC_FIFO_inst/fifo_mem_ctrl/mem_reg[6][7]
  Impl DFF        i:/WORK/system_top/ASYNC_FIFO_inst/fifo_mem_ctrl/mem_reg[6][7]

  Ref  DFF        r:/WORK/system_top/ASYNC_FIFO_inst/fifo_mem_ctrl/mem_reg[7][0]
  Impl DFF        i:/WORK/system_top/ASYNC_FIFO_inst/fifo_mem_ctrl/mem_reg[7][0]

  Ref  DFF        r:/WORK/system_top/ASYNC_FIFO_inst/fifo_mem_ctrl/mem_reg[7][1]
  Impl DFF        i:/WORK/system_top/ASYNC_FIFO_inst/fifo_mem_ctrl/mem_reg[7][1]

  Ref  DFF        r:/WORK/system_top/ASYNC_FIFO_inst/fifo_mem_ctrl/mem_reg[7][2]
  Impl DFF        i:/WORK/system_top/ASYNC_FIFO_inst/fifo_mem_ctrl/mem_reg[7][2]

  Ref  DFF        r:/WORK/system_top/ASYNC_FIFO_inst/fifo_mem_ctrl/mem_reg[7][3]
  Impl DFF        i:/WORK/system_top/ASYNC_FIFO_inst/fifo_mem_ctrl/mem_reg[7][3]

  Ref  DFF        r:/WORK/system_top/ASYNC_FIFO_inst/fifo_mem_ctrl/mem_reg[7][4]
  Impl DFF        i:/WORK/system_top/ASYNC_FIFO_inst/fifo_mem_ctrl/mem_reg[7][4]

  Ref  DFF        r:/WORK/system_top/ASYNC_FIFO_inst/fifo_mem_ctrl/mem_reg[7][5]
  Impl DFF        i:/WORK/system_top/ASYNC_FIFO_inst/fifo_mem_ctrl/mem_reg[7][5]

  Ref  DFF        r:/WORK/system_top/ASYNC_FIFO_inst/fifo_mem_ctrl/mem_reg[7][6]
  Impl DFF        i:/WORK/system_top/ASYNC_FIFO_inst/fifo_mem_ctrl/mem_reg[7][6]

  Ref  DFF        r:/WORK/system_top/ASYNC_FIFO_inst/fifo_mem_ctrl/mem_reg[7][7]
  Impl DFF        i:/WORK/system_top/ASYNC_FIFO_inst/fifo_mem_ctrl/mem_reg[7][7]

  Ref  DFF        r:/WORK/system_top/ASYNC_FIFO_inst/sync_r2w/w_gray_encoding_reg[0]
  Impl DFF        i:/WORK/system_top/ASYNC_FIFO_inst/sync_r2w/w_gray_encoding_reg[0]

  Ref  DFF        r:/WORK/system_top/ASYNC_FIFO_inst/sync_r2w/w_gray_encoding_reg[1]
  Impl DFF        i:/WORK/system_top/ASYNC_FIFO_inst/sync_r2w/w_gray_encoding_reg[1]

  Ref  DFF        r:/WORK/system_top/ASYNC_FIFO_inst/sync_r2w/w_gray_encoding_reg[2]
  Impl DFF        i:/WORK/system_top/ASYNC_FIFO_inst/sync_r2w/w_gray_encoding_reg[2]

  Ref  DFF        r:/WORK/system_top/ASYNC_FIFO_inst/sync_r2w/w_gray_encoding_reg[3]
  Impl DFF        i:/WORK/system_top/ASYNC_FIFO_inst/sync_r2w/w_gray_encoding_reg[3]

  Ref  DFF        r:/WORK/system_top/ASYNC_FIFO_inst/sync_r2w/wr_pointer_reg[0]
  Impl DFF        i:/WORK/system_top/ASYNC_FIFO_inst/sync_r2w/wr_pointer_reg[0]

  Ref  DFF        r:/WORK/system_top/ASYNC_FIFO_inst/sync_r2w/wr_pointer_reg[1]
  Impl DFF        i:/WORK/system_top/ASYNC_FIFO_inst/sync_r2w/wr_pointer_reg[1]

  Ref  DFF        r:/WORK/system_top/ASYNC_FIFO_inst/sync_r2w/wr_pointer_reg[2]
  Impl DFF        i:/WORK/system_top/ASYNC_FIFO_inst/sync_r2w/wr_pointer_reg[2]

  Ref  DFF        r:/WORK/system_top/ASYNC_FIFO_inst/sync_r2w/wr_pointer_reg[3]
  Impl DFF        i:/WORK/system_top/ASYNC_FIFO_inst/sync_r2w/wr_pointer_reg[3]

  Ref  DFF        r:/WORK/system_top/ASYNC_FIFO_inst/sync_w2r/r_gray_encoding_reg[0]
  Impl DFF        i:/WORK/system_top/ASYNC_FIFO_inst/sync_w2r/r_gray_encoding_reg[0]

  Ref  DFF        r:/WORK/system_top/ASYNC_FIFO_inst/sync_w2r/r_gray_encoding_reg[1]
  Impl DFF        i:/WORK/system_top/ASYNC_FIFO_inst/sync_w2r/r_gray_encoding_reg[1]

  Ref  DFF        r:/WORK/system_top/ASYNC_FIFO_inst/sync_w2r/r_gray_encoding_reg[2]
  Impl DFF        i:/WORK/system_top/ASYNC_FIFO_inst/sync_w2r/r_gray_encoding_reg[2]

  Ref  DFF        r:/WORK/system_top/ASYNC_FIFO_inst/sync_w2r/r_gray_encoding_reg[3]
  Impl DFF        i:/WORK/system_top/ASYNC_FIFO_inst/sync_w2r/r_gray_encoding_reg[3]

  Ref  DFF        r:/WORK/system_top/ASYNC_FIFO_inst/sync_w2r/rd_pointer_reg[0]
  Impl DFF        i:/WORK/system_top/ASYNC_FIFO_inst/sync_w2r/rd_pointer_reg[0]

  Ref  DFF        r:/WORK/system_top/ASYNC_FIFO_inst/sync_w2r/rd_pointer_reg[1]
  Impl DFF        i:/WORK/system_top/ASYNC_FIFO_inst/sync_w2r/rd_pointer_reg[1]

  Ref  DFF        r:/WORK/system_top/ASYNC_FIFO_inst/sync_w2r/rd_pointer_reg[2]
  Impl DFF        i:/WORK/system_top/ASYNC_FIFO_inst/sync_w2r/rd_pointer_reg[2]

  Ref  DFF        r:/WORK/system_top/ASYNC_FIFO_inst/sync_w2r/rd_pointer_reg[3]
  Impl DFF        i:/WORK/system_top/ASYNC_FIFO_inst/sync_w2r/rd_pointer_reg[3]

  Ref  LAT        r:/WORK/system_top/CLK_GATE/Latch_Out_reg
  Impl LAT        i:/WORK/system_top/CLK_GATE/Latch_Out_reg

  Ref  DFF        r:/WORK/system_top/DATA_SYNC_inst/enable_flop_reg
  Impl DFF        i:/WORK/system_top/DATA_SYNC_inst/enable_flop_reg

  Ref  DFF        r:/WORK/system_top/DATA_SYNC_inst/enable_pulse_reg
  Impl DFF        i:/WORK/system_top/DATA_SYNC_inst/enable_pulse_reg

  Ref  DFF        r:/WORK/system_top/DATA_SYNC_inst/sync_bus_reg[0]
  Impl DFF        i:/WORK/system_top/DATA_SYNC_inst/sync_bus_reg[0]

  Ref  DFF        r:/WORK/system_top/DATA_SYNC_inst/sync_bus_reg[1]
  Impl DFF        i:/WORK/system_top/DATA_SYNC_inst/sync_bus_reg[1]

  Ref  DFF        r:/WORK/system_top/DATA_SYNC_inst/sync_bus_reg[2]
  Impl DFF        i:/WORK/system_top/DATA_SYNC_inst/sync_bus_reg[2]

  Ref  DFF        r:/WORK/system_top/DATA_SYNC_inst/sync_bus_reg[3]
  Impl DFF        i:/WORK/system_top/DATA_SYNC_inst/sync_bus_reg[3]

  Ref  DFF        r:/WORK/system_top/DATA_SYNC_inst/sync_bus_reg[4]
  Impl DFF        i:/WORK/system_top/DATA_SYNC_inst/sync_bus_reg[4]

  Ref  DFF        r:/WORK/system_top/DATA_SYNC_inst/sync_bus_reg[5]
  Impl DFF        i:/WORK/system_top/DATA_SYNC_inst/sync_bus_reg[5]

  Ref  DFF        r:/WORK/system_top/DATA_SYNC_inst/sync_bus_reg[6]
  Impl DFF        i:/WORK/system_top/DATA_SYNC_inst/sync_bus_reg[6]

  Ref  DFF        r:/WORK/system_top/DATA_SYNC_inst/sync_bus_reg[7]
  Impl DFF        i:/WORK/system_top/DATA_SYNC_inst/sync_bus_reg[7]

  Ref  DFF        r:/WORK/system_top/DATA_SYNC_inst/sync_reg_reg[0]
  Impl DFF        i:/WORK/system_top/DATA_SYNC_inst/sync_reg_reg[0]

  Ref  DFF        r:/WORK/system_top/DATA_SYNC_inst/sync_reg_reg[1]
  Impl DFF        i:/WORK/system_top/DATA_SYNC_inst/sync_reg_reg[1]

  Ref  DFF        r:/WORK/system_top/PULSE_GEN/out_reg[0]
  Impl DFF        i:/WORK/system_top/PULSE_GEN/out_reg[0]

  Ref  DFF        r:/WORK/system_top/PULSE_GEN/out_reg[1]
  Impl DFF        i:/WORK/system_top/PULSE_GEN/out_reg[1]

  Ref  DFF        r:/WORK/system_top/RST_SYNC_ref/out_reg[0]
  Impl DFF        i:/WORK/system_top/RST_SYNC_ref/out_reg[0]

  Ref  DFF        r:/WORK/system_top/RST_SYNC_ref/out_reg[1]
  Impl DFF        i:/WORK/system_top/RST_SYNC_ref/out_reg[1]

  Ref  DFF        r:/WORK/system_top/RST_SYNC_ref/sync_rst_reg
  Impl DFF        i:/WORK/system_top/RST_SYNC_ref/sync_rst_reg

  Ref  DFF        r:/WORK/system_top/RST_SYNC_uart/out_reg[0]
  Impl DFF        i:/WORK/system_top/RST_SYNC_uart/out_reg[0]

  Ref  DFF        r:/WORK/system_top/RST_SYNC_uart/out_reg[1]
  Impl DFF        i:/WORK/system_top/RST_SYNC_uart/out_reg[1]

  Ref  DFF        r:/WORK/system_top/RST_SYNC_uart/sync_rst_reg
  Impl DFF        i:/WORK/system_top/RST_SYNC_uart/sync_rst_reg

  Ref  DFF        r:/WORK/system_top/SYS_CTRL/ALU_FUN_reg_reg[0]
  Impl DFF        i:/WORK/system_top/SYS_CTRL/ALU_FUN_reg_reg[0]

  Ref  DFF        r:/WORK/system_top/SYS_CTRL/ALU_FUN_reg_reg[1]
  Impl DFF        i:/WORK/system_top/SYS_CTRL/ALU_FUN_reg_reg[1]

  Ref  DFF        r:/WORK/system_top/SYS_CTRL/ALU_FUN_reg_reg[2]
  Impl DFF        i:/WORK/system_top/SYS_CTRL/ALU_FUN_reg_reg[2]

  Ref  DFF        r:/WORK/system_top/SYS_CTRL/ALU_FUN_reg_reg[3]
  Impl DFF        i:/WORK/system_top/SYS_CTRL/ALU_FUN_reg_reg[3]

  Ref  DFF        r:/WORK/system_top/SYS_CTRL/address_reg_reg[0]
  Impl DFF        i:/WORK/system_top/SYS_CTRL/address_reg_reg[0]

  Ref  DFF        r:/WORK/system_top/SYS_CTRL/address_reg_reg[1]
  Impl DFF        i:/WORK/system_top/SYS_CTRL/address_reg_reg[1]

  Ref  DFF        r:/WORK/system_top/SYS_CTRL/address_reg_reg[2]
  Impl DFF        i:/WORK/system_top/SYS_CTRL/address_reg_reg[2]

  Ref  DFF        r:/WORK/system_top/SYS_CTRL/address_reg_reg[3]
  Impl DFF        i:/WORK/system_top/SYS_CTRL/address_reg_reg[3]

  Ref  DFF        r:/WORK/system_top/SYS_CTRL/alu_dn_reg[0]
  Impl DFF        i:/WORK/system_top/SYS_CTRL/alu_dn_reg[0]

  Ref  DFF        r:/WORK/system_top/SYS_CTRL/alu_dn_reg[10]
  Impl DFF        i:/WORK/system_top/SYS_CTRL/alu_dn_reg[10]

  Ref  DFF        r:/WORK/system_top/SYS_CTRL/alu_dn_reg[11]
  Impl DFF        i:/WORK/system_top/SYS_CTRL/alu_dn_reg[11]

  Ref  DFF        r:/WORK/system_top/SYS_CTRL/alu_dn_reg[12]
  Impl DFF        i:/WORK/system_top/SYS_CTRL/alu_dn_reg[12]

  Ref  DFF        r:/WORK/system_top/SYS_CTRL/alu_dn_reg[13]
  Impl DFF        i:/WORK/system_top/SYS_CTRL/alu_dn_reg[13]

  Ref  DFF        r:/WORK/system_top/SYS_CTRL/alu_dn_reg[14]
  Impl DFF        i:/WORK/system_top/SYS_CTRL/alu_dn_reg[14]

  Ref  DFF        r:/WORK/system_top/SYS_CTRL/alu_dn_reg[15]
  Impl DFF        i:/WORK/system_top/SYS_CTRL/alu_dn_reg[15]

  Ref  DFF        r:/WORK/system_top/SYS_CTRL/alu_dn_reg[1]
  Impl DFF        i:/WORK/system_top/SYS_CTRL/alu_dn_reg[1]

  Ref  DFF        r:/WORK/system_top/SYS_CTRL/alu_dn_reg[2]
  Impl DFF        i:/WORK/system_top/SYS_CTRL/alu_dn_reg[2]

  Ref  DFF        r:/WORK/system_top/SYS_CTRL/alu_dn_reg[3]
  Impl DFF        i:/WORK/system_top/SYS_CTRL/alu_dn_reg[3]

  Ref  DFF        r:/WORK/system_top/SYS_CTRL/alu_dn_reg[4]
  Impl DFF        i:/WORK/system_top/SYS_CTRL/alu_dn_reg[4]

  Ref  DFF        r:/WORK/system_top/SYS_CTRL/alu_dn_reg[5]
  Impl DFF        i:/WORK/system_top/SYS_CTRL/alu_dn_reg[5]

  Ref  DFF        r:/WORK/system_top/SYS_CTRL/alu_dn_reg[6]
  Impl DFF        i:/WORK/system_top/SYS_CTRL/alu_dn_reg[6]

  Ref  DFF        r:/WORK/system_top/SYS_CTRL/alu_dn_reg[7]
  Impl DFF        i:/WORK/system_top/SYS_CTRL/alu_dn_reg[7]

  Ref  DFF        r:/WORK/system_top/SYS_CTRL/alu_dn_reg[8]
  Impl DFF        i:/WORK/system_top/SYS_CTRL/alu_dn_reg[8]

  Ref  DFF        r:/WORK/system_top/SYS_CTRL/alu_dn_reg[9]
  Impl DFF        i:/WORK/system_top/SYS_CTRL/alu_dn_reg[9]

  Ref  DFF        r:/WORK/system_top/SYS_CTRL/current_state_reg[0]
  Impl DFF        i:/WORK/system_top/SYS_CTRL/current_state_reg[0]

  Ref  DFF        r:/WORK/system_top/SYS_CTRL/current_state_reg[1]
  Impl DFF        i:/WORK/system_top/SYS_CTRL/current_state_reg[1]

  Ref  DFF        r:/WORK/system_top/SYS_CTRL/current_state_reg[2]
  Impl DFF        i:/WORK/system_top/SYS_CTRL/current_state_reg[2]

  Ref  DFF        r:/WORK/system_top/SYS_CTRL/current_state_reg[3]
  Impl DFF        i:/WORK/system_top/SYS_CTRL/current_state_reg[3]

  Ref  LAT        r:/WORK/system_top/SYS_CTRL/next_state_reg[0]
  Impl LAT        i:/WORK/system_top/SYS_CTRL/next_state_reg[0]

  Ref  LAT        r:/WORK/system_top/SYS_CTRL/next_state_reg[1]
  Impl LAT        i:/WORK/system_top/SYS_CTRL/next_state_reg[1]

  Ref  LAT        r:/WORK/system_top/SYS_CTRL/next_state_reg[2]
  Impl LAT        i:/WORK/system_top/SYS_CTRL/next_state_reg[2]

  Ref  LAT        r:/WORK/system_top/SYS_CTRL/next_state_reg[3]
  Impl LAT        i:/WORK/system_top/SYS_CTRL/next_state_reg[3]

  Ref  DFF        r:/WORK/system_top/UART_TOP_inst/UART_RX_inst/U0_data_sampling/Samples_reg[0]
  Impl DFF        i:/WORK/system_top/UART_TOP_inst/UART_RX_inst/U0_data_sampling/Samples_reg[0]

  Ref  DFF        r:/WORK/system_top/UART_TOP_inst/UART_RX_inst/U0_data_sampling/Samples_reg[1]
  Impl DFF        i:/WORK/system_top/UART_TOP_inst/UART_RX_inst/U0_data_sampling/Samples_reg[1]

  Ref  DFF        r:/WORK/system_top/UART_TOP_inst/UART_RX_inst/U0_data_sampling/Samples_reg[2]
  Impl DFF        i:/WORK/system_top/UART_TOP_inst/UART_RX_inst/U0_data_sampling/Samples_reg[2]

  Ref  DFF        r:/WORK/system_top/UART_TOP_inst/UART_RX_inst/U0_data_sampling/sampled_bit_reg
  Impl DFF        i:/WORK/system_top/UART_TOP_inst/UART_RX_inst/U0_data_sampling/sampled_bit_reg

  Ref  DFF        r:/WORK/system_top/UART_TOP_inst/UART_RX_inst/U0_deserializer/P_DATA_reg[0]
  Impl DFF        i:/WORK/system_top/UART_TOP_inst/UART_RX_inst/U0_deserializer/P_DATA_reg[0]

  Ref  DFF        r:/WORK/system_top/UART_TOP_inst/UART_RX_inst/U0_deserializer/P_DATA_reg[1]
  Impl DFF        i:/WORK/system_top/UART_TOP_inst/UART_RX_inst/U0_deserializer/P_DATA_reg[1]

  Ref  DFF        r:/WORK/system_top/UART_TOP_inst/UART_RX_inst/U0_deserializer/P_DATA_reg[2]
  Impl DFF        i:/WORK/system_top/UART_TOP_inst/UART_RX_inst/U0_deserializer/P_DATA_reg[2]

  Ref  DFF        r:/WORK/system_top/UART_TOP_inst/UART_RX_inst/U0_deserializer/P_DATA_reg[3]
  Impl DFF        i:/WORK/system_top/UART_TOP_inst/UART_RX_inst/U0_deserializer/P_DATA_reg[3]

  Ref  DFF        r:/WORK/system_top/UART_TOP_inst/UART_RX_inst/U0_deserializer/P_DATA_reg[4]
  Impl DFF        i:/WORK/system_top/UART_TOP_inst/UART_RX_inst/U0_deserializer/P_DATA_reg[4]

  Ref  DFF        r:/WORK/system_top/UART_TOP_inst/UART_RX_inst/U0_deserializer/P_DATA_reg[5]
  Impl DFF        i:/WORK/system_top/UART_TOP_inst/UART_RX_inst/U0_deserializer/P_DATA_reg[5]

  Ref  DFF        r:/WORK/system_top/UART_TOP_inst/UART_RX_inst/U0_deserializer/P_DATA_reg[6]
  Impl DFF        i:/WORK/system_top/UART_TOP_inst/UART_RX_inst/U0_deserializer/P_DATA_reg[6]

  Ref  DFF        r:/WORK/system_top/UART_TOP_inst/UART_RX_inst/U0_deserializer/P_DATA_reg[7]
  Impl DFF        i:/WORK/system_top/UART_TOP_inst/UART_RX_inst/U0_deserializer/P_DATA_reg[7]

  Ref  DFF        r:/WORK/system_top/UART_TOP_inst/UART_RX_inst/U0_edge_bit_counter/bit_count_reg[0]
  Impl DFF        i:/WORK/system_top/UART_TOP_inst/UART_RX_inst/U0_edge_bit_counter/bit_count_reg[0]

  Ref  DFF        r:/WORK/system_top/UART_TOP_inst/UART_RX_inst/U0_edge_bit_counter/bit_count_reg[1]
  Impl DFF        i:/WORK/system_top/UART_TOP_inst/UART_RX_inst/U0_edge_bit_counter/bit_count_reg[1]

  Ref  DFF        r:/WORK/system_top/UART_TOP_inst/UART_RX_inst/U0_edge_bit_counter/bit_count_reg[2]
  Impl DFF        i:/WORK/system_top/UART_TOP_inst/UART_RX_inst/U0_edge_bit_counter/bit_count_reg[2]

  Ref  DFF        r:/WORK/system_top/UART_TOP_inst/UART_RX_inst/U0_edge_bit_counter/bit_count_reg[3]
  Impl DFF        i:/WORK/system_top/UART_TOP_inst/UART_RX_inst/U0_edge_bit_counter/bit_count_reg[3]

  Ref  DFF        r:/WORK/system_top/UART_TOP_inst/UART_RX_inst/U0_edge_bit_counter/edge_count_reg[0]
  Impl DFF        i:/WORK/system_top/UART_TOP_inst/UART_RX_inst/U0_edge_bit_counter/edge_count_reg[0]

  Ref  DFF        r:/WORK/system_top/UART_TOP_inst/UART_RX_inst/U0_edge_bit_counter/edge_count_reg[1]
  Impl DFF        i:/WORK/system_top/UART_TOP_inst/UART_RX_inst/U0_edge_bit_counter/edge_count_reg[1]

  Ref  DFF        r:/WORK/system_top/UART_TOP_inst/UART_RX_inst/U0_edge_bit_counter/edge_count_reg[2]
  Impl DFF        i:/WORK/system_top/UART_TOP_inst/UART_RX_inst/U0_edge_bit_counter/edge_count_reg[2]

  Ref  DFF        r:/WORK/system_top/UART_TOP_inst/UART_RX_inst/U0_edge_bit_counter/edge_count_reg[3]
  Impl DFF        i:/WORK/system_top/UART_TOP_inst/UART_RX_inst/U0_edge_bit_counter/edge_count_reg[3]

  Ref  DFF        r:/WORK/system_top/UART_TOP_inst/UART_RX_inst/U0_edge_bit_counter/edge_count_reg[4]
  Impl DFF        i:/WORK/system_top/UART_TOP_inst/UART_RX_inst/U0_edge_bit_counter/edge_count_reg[4]

  Ref  DFF        r:/WORK/system_top/UART_TOP_inst/UART_RX_inst/U0_edge_bit_counter/edge_count_reg[5]
  Impl DFF        i:/WORK/system_top/UART_TOP_inst/UART_RX_inst/U0_edge_bit_counter/edge_count_reg[5]

  Ref  DFF        r:/WORK/system_top/UART_TOP_inst/UART_RX_inst/U0_par_chk/Parity_Error_reg
  Impl DFF        i:/WORK/system_top/UART_TOP_inst/UART_RX_inst/U0_par_chk/Parity_Error_reg

  Ref  DFF        r:/WORK/system_top/UART_TOP_inst/UART_RX_inst/U0_stp_chk/Stop_Error_reg
  Impl DFF        i:/WORK/system_top/UART_TOP_inst/UART_RX_inst/U0_stp_chk/Stop_Error_reg

  Ref  DFF        r:/WORK/system_top/UART_TOP_inst/UART_RX_inst/U0_strt_chk/strt_glitch_reg
  Impl DFF        i:/WORK/system_top/UART_TOP_inst/UART_RX_inst/U0_strt_chk/strt_glitch_reg

  Ref  DFF        r:/WORK/system_top/UART_TOP_inst/UART_RX_inst/U0_uart_fsm/current_state_reg[0]
  Impl DFF        i:/WORK/system_top/UART_TOP_inst/UART_RX_inst/U0_uart_fsm/current_state_reg[0]

  Ref  DFF        r:/WORK/system_top/UART_TOP_inst/UART_RX_inst/U0_uart_fsm/current_state_reg[1]
  Impl DFF        i:/WORK/system_top/UART_TOP_inst/UART_RX_inst/U0_uart_fsm/current_state_reg[1]

  Ref  DFF        r:/WORK/system_top/UART_TOP_inst/UART_RX_inst/U0_uart_fsm/current_state_reg[2]
  Impl DFF        i:/WORK/system_top/UART_TOP_inst/UART_RX_inst/U0_uart_fsm/current_state_reg[2]

  Ref  DFF        r:/WORK/system_top/UART_TOP_inst/UART_TX_inst/U0_Serializer/DATA_V_reg[0]
  Impl DFF        i:/WORK/system_top/UART_TOP_inst/UART_TX_inst/U0_Serializer/DATA_V_reg[0]

  Ref  DFF        r:/WORK/system_top/UART_TOP_inst/UART_TX_inst/U0_Serializer/DATA_V_reg[1]
  Impl DFF        i:/WORK/system_top/UART_TOP_inst/UART_TX_inst/U0_Serializer/DATA_V_reg[1]

  Ref  DFF        r:/WORK/system_top/UART_TOP_inst/UART_TX_inst/U0_Serializer/DATA_V_reg[2]
  Impl DFF        i:/WORK/system_top/UART_TOP_inst/UART_TX_inst/U0_Serializer/DATA_V_reg[2]

  Ref  DFF        r:/WORK/system_top/UART_TOP_inst/UART_TX_inst/U0_Serializer/DATA_V_reg[3]
  Impl DFF        i:/WORK/system_top/UART_TOP_inst/UART_TX_inst/U0_Serializer/DATA_V_reg[3]

  Ref  DFF        r:/WORK/system_top/UART_TOP_inst/UART_TX_inst/U0_Serializer/DATA_V_reg[4]
  Impl DFF        i:/WORK/system_top/UART_TOP_inst/UART_TX_inst/U0_Serializer/DATA_V_reg[4]

  Ref  DFF        r:/WORK/system_top/UART_TOP_inst/UART_TX_inst/U0_Serializer/DATA_V_reg[5]
  Impl DFF        i:/WORK/system_top/UART_TOP_inst/UART_TX_inst/U0_Serializer/DATA_V_reg[5]

  Ref  DFF        r:/WORK/system_top/UART_TOP_inst/UART_TX_inst/U0_Serializer/DATA_V_reg[6]
  Impl DFF        i:/WORK/system_top/UART_TOP_inst/UART_TX_inst/U0_Serializer/DATA_V_reg[6]

  Ref  DFF        r:/WORK/system_top/UART_TOP_inst/UART_TX_inst/U0_Serializer/DATA_V_reg[7]
  Impl DFF        i:/WORK/system_top/UART_TOP_inst/UART_TX_inst/U0_Serializer/DATA_V_reg[7]

  Ref  DFF        r:/WORK/system_top/UART_TOP_inst/UART_TX_inst/U0_Serializer/ser_count_reg[0]
  Impl DFF        i:/WORK/system_top/UART_TOP_inst/UART_TX_inst/U0_Serializer/ser_count_reg[0]

  Ref  DFF        r:/WORK/system_top/UART_TOP_inst/UART_TX_inst/U0_Serializer/ser_count_reg[1]
  Impl DFF        i:/WORK/system_top/UART_TOP_inst/UART_TX_inst/U0_Serializer/ser_count_reg[1]

  Ref  DFF        r:/WORK/system_top/UART_TOP_inst/UART_TX_inst/U0_Serializer/ser_count_reg[2]
  Impl DFF        i:/WORK/system_top/UART_TOP_inst/UART_TX_inst/U0_Serializer/ser_count_reg[2]

  Ref  DFF        r:/WORK/system_top/UART_TOP_inst/UART_TX_inst/U0_fsm/BUSY_reg
  Impl DFF        i:/WORK/system_top/UART_TOP_inst/UART_TX_inst/U0_fsm/BUSY_reg

  Ref  DFF        r:/WORK/system_top/UART_TOP_inst/UART_TX_inst/U0_fsm/current_state_reg[0]
  Impl DFF        i:/WORK/system_top/UART_TOP_inst/UART_TX_inst/U0_fsm/current_state_reg[0]

  Ref  DFF        r:/WORK/system_top/UART_TOP_inst/UART_TX_inst/U0_fsm/current_state_reg[1]
  Impl DFF        i:/WORK/system_top/UART_TOP_inst/UART_TX_inst/U0_fsm/current_state_reg[1]

  Ref  DFF        r:/WORK/system_top/UART_TOP_inst/UART_TX_inst/U0_fsm/current_state_reg[2]
  Impl DFF        i:/WORK/system_top/UART_TOP_inst/UART_TX_inst/U0_fsm/current_state_reg[2]

  Ref  DFF        r:/WORK/system_top/UART_TOP_inst/UART_TX_inst/U0_mux/OUT_reg
  Impl DFF        i:/WORK/system_top/UART_TOP_inst/UART_TX_inst/U0_mux/OUT_reg

  Ref  DFF        r:/WORK/system_top/UART_TOP_inst/UART_TX_inst/U0_parity_calc/DATA_V_reg[0]
  Impl DFF        i:/WORK/system_top/UART_TOP_inst/UART_TX_inst/U0_parity_calc/DATA_V_reg[0]

  Ref  DFF        r:/WORK/system_top/UART_TOP_inst/UART_TX_inst/U0_parity_calc/DATA_V_reg[1]
  Impl DFF        i:/WORK/system_top/UART_TOP_inst/UART_TX_inst/U0_parity_calc/DATA_V_reg[1]

  Ref  DFF        r:/WORK/system_top/UART_TOP_inst/UART_TX_inst/U0_parity_calc/DATA_V_reg[2]
  Impl DFF        i:/WORK/system_top/UART_TOP_inst/UART_TX_inst/U0_parity_calc/DATA_V_reg[2]

  Ref  DFF        r:/WORK/system_top/UART_TOP_inst/UART_TX_inst/U0_parity_calc/DATA_V_reg[3]
  Impl DFF        i:/WORK/system_top/UART_TOP_inst/UART_TX_inst/U0_parity_calc/DATA_V_reg[3]

  Ref  DFF        r:/WORK/system_top/UART_TOP_inst/UART_TX_inst/U0_parity_calc/DATA_V_reg[4]
  Impl DFF        i:/WORK/system_top/UART_TOP_inst/UART_TX_inst/U0_parity_calc/DATA_V_reg[4]

  Ref  DFF        r:/WORK/system_top/UART_TOP_inst/UART_TX_inst/U0_parity_calc/DATA_V_reg[5]
  Impl DFF        i:/WORK/system_top/UART_TOP_inst/UART_TX_inst/U0_parity_calc/DATA_V_reg[5]

  Ref  DFF        r:/WORK/system_top/UART_TOP_inst/UART_TX_inst/U0_parity_calc/DATA_V_reg[6]
  Impl DFF        i:/WORK/system_top/UART_TOP_inst/UART_TX_inst/U0_parity_calc/DATA_V_reg[6]

  Ref  DFF        r:/WORK/system_top/UART_TOP_inst/UART_TX_inst/U0_parity_calc/DATA_V_reg[7]
  Impl DFF        i:/WORK/system_top/UART_TOP_inst/UART_TX_inst/U0_parity_calc/DATA_V_reg[7]

  Ref  DFF        r:/WORK/system_top/UART_TOP_inst/UART_TX_inst/U0_parity_calc/parity_reg
  Impl DFF        i:/WORK/system_top/UART_TOP_inst/UART_TX_inst/U0_parity_calc/parity_reg

  Ref  DFF        r:/WORK/system_top/int_clk_div_rx/counter_reg[0]
  Impl DFF        i:/WORK/system_top/int_clk_div_rx/counter_reg[0]

  Ref  DFF        r:/WORK/system_top/int_clk_div_rx/counter_reg[1]
  Impl DFF        i:/WORK/system_top/int_clk_div_rx/counter_reg[1]

  Ref  DFF        r:/WORK/system_top/int_clk_div_rx/counter_reg[2]
  Impl DFF        i:/WORK/system_top/int_clk_div_rx/counter_reg[2]

  Ref  DFF        r:/WORK/system_top/int_clk_div_rx/counter_reg[3]
  Impl DFF        i:/WORK/system_top/int_clk_div_rx/counter_reg[3]

  Ref  DFF        r:/WORK/system_top/int_clk_div_rx/counter_reg[4]
  Impl DFF        i:/WORK/system_top/int_clk_div_rx/counter_reg[4]

  Ref  DFF        r:/WORK/system_top/int_clk_div_rx/counter_reg[5]
  Impl DFF        i:/WORK/system_top/int_clk_div_rx/counter_reg[5]

  Ref  DFF        r:/WORK/system_top/int_clk_div_rx/counter_reg[6]
  Impl DFF        i:/WORK/system_top/int_clk_div_rx/counter_reg[6]

  Ref  DFF        r:/WORK/system_top/int_clk_div_rx/counter_reg[7]
  Impl DFF        i:/WORK/system_top/int_clk_div_rx/counter_reg[7]

  Ref  DFF        r:/WORK/system_top/int_clk_div_rx/div_clk_reg_reg
  Impl DFF        i:/WORK/system_top/int_clk_div_rx/div_clk_reg_reg

  Ref  DFF        r:/WORK/system_top/int_clk_div_rx/flag_reg
  Impl DFF        i:/WORK/system_top/int_clk_div_rx/flag_reg

  Ref  DFF        r:/WORK/system_top/int_clk_div_tx/counter_reg[0]
  Impl DFF        i:/WORK/system_top/int_clk_div_tx/counter_reg[0]

  Ref  DFF        r:/WORK/system_top/int_clk_div_tx/counter_reg[1]
  Impl DFF        i:/WORK/system_top/int_clk_div_tx/counter_reg[1]

  Ref  DFF        r:/WORK/system_top/int_clk_div_tx/counter_reg[2]
  Impl DFF        i:/WORK/system_top/int_clk_div_tx/counter_reg[2]

  Ref  DFF        r:/WORK/system_top/int_clk_div_tx/counter_reg[3]
  Impl DFF        i:/WORK/system_top/int_clk_div_tx/counter_reg[3]

  Ref  DFF        r:/WORK/system_top/int_clk_div_tx/counter_reg[4]
  Impl DFF        i:/WORK/system_top/int_clk_div_tx/counter_reg[4]

  Ref  DFF        r:/WORK/system_top/int_clk_div_tx/counter_reg[5]
  Impl DFF        i:/WORK/system_top/int_clk_div_tx/counter_reg[5]

  Ref  DFF        r:/WORK/system_top/int_clk_div_tx/counter_reg[6]
  Impl DFF        i:/WORK/system_top/int_clk_div_tx/counter_reg[6]

  Ref  DFF        r:/WORK/system_top/int_clk_div_tx/counter_reg[7]
  Impl DFF        i:/WORK/system_top/int_clk_div_tx/counter_reg[7]

  Ref  DFF        r:/WORK/system_top/int_clk_div_tx/div_clk_reg_reg
  Impl DFF        i:/WORK/system_top/int_clk_div_tx/div_clk_reg_reg

  Ref  DFF        r:/WORK/system_top/int_clk_div_tx/flag_reg
  Impl DFF        i:/WORK/system_top/int_clk_div_tx/flag_reg

  Ref  DFF        r:/WORK/system_top/register8_16_inst/REG_FILE_reg[0][0]
  Impl DFF        i:/WORK/system_top/register8_16_inst/REG_FILE_reg[0][0]

  Ref  DFF        r:/WORK/system_top/register8_16_inst/REG_FILE_reg[0][1]
  Impl DFF        i:/WORK/system_top/register8_16_inst/REG_FILE_reg[0][1]

  Ref  DFF        r:/WORK/system_top/register8_16_inst/REG_FILE_reg[0][2]
  Impl DFF        i:/WORK/system_top/register8_16_inst/REG_FILE_reg[0][2]

  Ref  DFF        r:/WORK/system_top/register8_16_inst/REG_FILE_reg[0][3]
  Impl DFF        i:/WORK/system_top/register8_16_inst/REG_FILE_reg[0][3]

  Ref  DFF        r:/WORK/system_top/register8_16_inst/REG_FILE_reg[0][4]
  Impl DFF        i:/WORK/system_top/register8_16_inst/REG_FILE_reg[0][4]

  Ref  DFF        r:/WORK/system_top/register8_16_inst/REG_FILE_reg[0][5]
  Impl DFF        i:/WORK/system_top/register8_16_inst/REG_FILE_reg[0][5]

  Ref  DFF        r:/WORK/system_top/register8_16_inst/REG_FILE_reg[0][6]
  Impl DFF        i:/WORK/system_top/register8_16_inst/REG_FILE_reg[0][6]

  Ref  DFF        r:/WORK/system_top/register8_16_inst/REG_FILE_reg[0][7]
  Impl DFF        i:/WORK/system_top/register8_16_inst/REG_FILE_reg[0][7]

  Ref  DFF        r:/WORK/system_top/register8_16_inst/REG_FILE_reg[10][0]
  Impl DFF        i:/WORK/system_top/register8_16_inst/REG_FILE_reg[10][0]

  Ref  DFF        r:/WORK/system_top/register8_16_inst/REG_FILE_reg[10][1]
  Impl DFF        i:/WORK/system_top/register8_16_inst/REG_FILE_reg[10][1]

  Ref  DFF        r:/WORK/system_top/register8_16_inst/REG_FILE_reg[10][2]
  Impl DFF        i:/WORK/system_top/register8_16_inst/REG_FILE_reg[10][2]

  Ref  DFF        r:/WORK/system_top/register8_16_inst/REG_FILE_reg[10][3]
  Impl DFF        i:/WORK/system_top/register8_16_inst/REG_FILE_reg[10][3]

  Ref  DFF        r:/WORK/system_top/register8_16_inst/REG_FILE_reg[10][4]
  Impl DFF        i:/WORK/system_top/register8_16_inst/REG_FILE_reg[10][4]

  Ref  DFF        r:/WORK/system_top/register8_16_inst/REG_FILE_reg[10][5]
  Impl DFF        i:/WORK/system_top/register8_16_inst/REG_FILE_reg[10][5]

  Ref  DFF        r:/WORK/system_top/register8_16_inst/REG_FILE_reg[10][6]
  Impl DFF        i:/WORK/system_top/register8_16_inst/REG_FILE_reg[10][6]

  Ref  DFF        r:/WORK/system_top/register8_16_inst/REG_FILE_reg[10][7]
  Impl DFF        i:/WORK/system_top/register8_16_inst/REG_FILE_reg[10][7]

  Ref  DFF        r:/WORK/system_top/register8_16_inst/REG_FILE_reg[11][0]
  Impl DFF        i:/WORK/system_top/register8_16_inst/REG_FILE_reg[11][0]

  Ref  DFF        r:/WORK/system_top/register8_16_inst/REG_FILE_reg[11][1]
  Impl DFF        i:/WORK/system_top/register8_16_inst/REG_FILE_reg[11][1]

  Ref  DFF        r:/WORK/system_top/register8_16_inst/REG_FILE_reg[11][2]
  Impl DFF        i:/WORK/system_top/register8_16_inst/REG_FILE_reg[11][2]

  Ref  DFF        r:/WORK/system_top/register8_16_inst/REG_FILE_reg[11][3]
  Impl DFF        i:/WORK/system_top/register8_16_inst/REG_FILE_reg[11][3]

  Ref  DFF        r:/WORK/system_top/register8_16_inst/REG_FILE_reg[11][4]
  Impl DFF        i:/WORK/system_top/register8_16_inst/REG_FILE_reg[11][4]

  Ref  DFF        r:/WORK/system_top/register8_16_inst/REG_FILE_reg[11][5]
  Impl DFF        i:/WORK/system_top/register8_16_inst/REG_FILE_reg[11][5]

  Ref  DFF        r:/WORK/system_top/register8_16_inst/REG_FILE_reg[11][6]
  Impl DFF        i:/WORK/system_top/register8_16_inst/REG_FILE_reg[11][6]

  Ref  DFF        r:/WORK/system_top/register8_16_inst/REG_FILE_reg[11][7]
  Impl DFF        i:/WORK/system_top/register8_16_inst/REG_FILE_reg[11][7]

  Ref  DFF        r:/WORK/system_top/register8_16_inst/REG_FILE_reg[12][0]
  Impl DFF        i:/WORK/system_top/register8_16_inst/REG_FILE_reg[12][0]

  Ref  DFF        r:/WORK/system_top/register8_16_inst/REG_FILE_reg[12][1]
  Impl DFF        i:/WORK/system_top/register8_16_inst/REG_FILE_reg[12][1]

  Ref  DFF        r:/WORK/system_top/register8_16_inst/REG_FILE_reg[12][2]
  Impl DFF        i:/WORK/system_top/register8_16_inst/REG_FILE_reg[12][2]

  Ref  DFF        r:/WORK/system_top/register8_16_inst/REG_FILE_reg[12][3]
  Impl DFF        i:/WORK/system_top/register8_16_inst/REG_FILE_reg[12][3]

  Ref  DFF        r:/WORK/system_top/register8_16_inst/REG_FILE_reg[12][4]
  Impl DFF        i:/WORK/system_top/register8_16_inst/REG_FILE_reg[12][4]

  Ref  DFF        r:/WORK/system_top/register8_16_inst/REG_FILE_reg[12][5]
  Impl DFF        i:/WORK/system_top/register8_16_inst/REG_FILE_reg[12][5]

  Ref  DFF        r:/WORK/system_top/register8_16_inst/REG_FILE_reg[12][6]
  Impl DFF        i:/WORK/system_top/register8_16_inst/REG_FILE_reg[12][6]

  Ref  DFF        r:/WORK/system_top/register8_16_inst/REG_FILE_reg[12][7]
  Impl DFF        i:/WORK/system_top/register8_16_inst/REG_FILE_reg[12][7]

  Ref  DFF        r:/WORK/system_top/register8_16_inst/REG_FILE_reg[13][0]
  Impl DFF        i:/WORK/system_top/register8_16_inst/REG_FILE_reg[13][0]

  Ref  DFF        r:/WORK/system_top/register8_16_inst/REG_FILE_reg[13][1]
  Impl DFF        i:/WORK/system_top/register8_16_inst/REG_FILE_reg[13][1]

  Ref  DFF        r:/WORK/system_top/register8_16_inst/REG_FILE_reg[13][2]
  Impl DFF        i:/WORK/system_top/register8_16_inst/REG_FILE_reg[13][2]

  Ref  DFF        r:/WORK/system_top/register8_16_inst/REG_FILE_reg[13][3]
  Impl DFF        i:/WORK/system_top/register8_16_inst/REG_FILE_reg[13][3]

  Ref  DFF        r:/WORK/system_top/register8_16_inst/REG_FILE_reg[13][4]
  Impl DFF        i:/WORK/system_top/register8_16_inst/REG_FILE_reg[13][4]

  Ref  DFF        r:/WORK/system_top/register8_16_inst/REG_FILE_reg[13][5]
  Impl DFF        i:/WORK/system_top/register8_16_inst/REG_FILE_reg[13][5]

  Ref  DFF        r:/WORK/system_top/register8_16_inst/REG_FILE_reg[13][6]
  Impl DFF        i:/WORK/system_top/register8_16_inst/REG_FILE_reg[13][6]

  Ref  DFF        r:/WORK/system_top/register8_16_inst/REG_FILE_reg[13][7]
  Impl DFF        i:/WORK/system_top/register8_16_inst/REG_FILE_reg[13][7]

  Ref  DFF        r:/WORK/system_top/register8_16_inst/REG_FILE_reg[14][0]
  Impl DFF        i:/WORK/system_top/register8_16_inst/REG_FILE_reg[14][0]

  Ref  DFF        r:/WORK/system_top/register8_16_inst/REG_FILE_reg[14][1]
  Impl DFF        i:/WORK/system_top/register8_16_inst/REG_FILE_reg[14][1]

  Ref  DFF        r:/WORK/system_top/register8_16_inst/REG_FILE_reg[14][2]
  Impl DFF        i:/WORK/system_top/register8_16_inst/REG_FILE_reg[14][2]

  Ref  DFF        r:/WORK/system_top/register8_16_inst/REG_FILE_reg[14][3]
  Impl DFF        i:/WORK/system_top/register8_16_inst/REG_FILE_reg[14][3]

  Ref  DFF        r:/WORK/system_top/register8_16_inst/REG_FILE_reg[14][4]
  Impl DFF        i:/WORK/system_top/register8_16_inst/REG_FILE_reg[14][4]

  Ref  DFF        r:/WORK/system_top/register8_16_inst/REG_FILE_reg[14][5]
  Impl DFF        i:/WORK/system_top/register8_16_inst/REG_FILE_reg[14][5]

  Ref  DFF        r:/WORK/system_top/register8_16_inst/REG_FILE_reg[14][6]
  Impl DFF        i:/WORK/system_top/register8_16_inst/REG_FILE_reg[14][6]

  Ref  DFF        r:/WORK/system_top/register8_16_inst/REG_FILE_reg[14][7]
  Impl DFF        i:/WORK/system_top/register8_16_inst/REG_FILE_reg[14][7]

  Ref  DFF        r:/WORK/system_top/register8_16_inst/REG_FILE_reg[15][0]
  Impl DFF        i:/WORK/system_top/register8_16_inst/REG_FILE_reg[15][0]

  Ref  DFF        r:/WORK/system_top/register8_16_inst/REG_FILE_reg[15][1]
  Impl DFF        i:/WORK/system_top/register8_16_inst/REG_FILE_reg[15][1]

  Ref  DFF        r:/WORK/system_top/register8_16_inst/REG_FILE_reg[15][2]
  Impl DFF        i:/WORK/system_top/register8_16_inst/REG_FILE_reg[15][2]

  Ref  DFF        r:/WORK/system_top/register8_16_inst/REG_FILE_reg[15][3]
  Impl DFF        i:/WORK/system_top/register8_16_inst/REG_FILE_reg[15][3]

  Ref  DFF        r:/WORK/system_top/register8_16_inst/REG_FILE_reg[15][4]
  Impl DFF        i:/WORK/system_top/register8_16_inst/REG_FILE_reg[15][4]

  Ref  DFF        r:/WORK/system_top/register8_16_inst/REG_FILE_reg[15][5]
  Impl DFF        i:/WORK/system_top/register8_16_inst/REG_FILE_reg[15][5]

  Ref  DFF        r:/WORK/system_top/register8_16_inst/REG_FILE_reg[15][6]
  Impl DFF        i:/WORK/system_top/register8_16_inst/REG_FILE_reg[15][6]

  Ref  DFF        r:/WORK/system_top/register8_16_inst/REG_FILE_reg[15][7]
  Impl DFF        i:/WORK/system_top/register8_16_inst/REG_FILE_reg[15][7]

  Ref  DFF        r:/WORK/system_top/register8_16_inst/REG_FILE_reg[1][0]
  Impl DFF        i:/WORK/system_top/register8_16_inst/REG_FILE_reg[1][0]

  Ref  DFF        r:/WORK/system_top/register8_16_inst/REG_FILE_reg[1][1]
  Impl DFF        i:/WORK/system_top/register8_16_inst/REG_FILE_reg[1][1]

  Ref  DFF        r:/WORK/system_top/register8_16_inst/REG_FILE_reg[1][2]
  Impl DFF        i:/WORK/system_top/register8_16_inst/REG_FILE_reg[1][2]

  Ref  DFF        r:/WORK/system_top/register8_16_inst/REG_FILE_reg[1][3]
  Impl DFF        i:/WORK/system_top/register8_16_inst/REG_FILE_reg[1][3]

  Ref  DFF        r:/WORK/system_top/register8_16_inst/REG_FILE_reg[1][4]
  Impl DFF        i:/WORK/system_top/register8_16_inst/REG_FILE_reg[1][4]

  Ref  DFF        r:/WORK/system_top/register8_16_inst/REG_FILE_reg[1][5]
  Impl DFF        i:/WORK/system_top/register8_16_inst/REG_FILE_reg[1][5]

  Ref  DFF        r:/WORK/system_top/register8_16_inst/REG_FILE_reg[1][6]
  Impl DFF        i:/WORK/system_top/register8_16_inst/REG_FILE_reg[1][6]

  Ref  DFF        r:/WORK/system_top/register8_16_inst/REG_FILE_reg[1][7]
  Impl DFF        i:/WORK/system_top/register8_16_inst/REG_FILE_reg[1][7]

  Ref  DFF        r:/WORK/system_top/register8_16_inst/REG_FILE_reg[2][0]
  Impl DFF        i:/WORK/system_top/register8_16_inst/REG_FILE_reg[2][0]

  Ref  DFF        r:/WORK/system_top/register8_16_inst/REG_FILE_reg[2][1]
  Impl DFF        i:/WORK/system_top/register8_16_inst/REG_FILE_reg[2][1]

  Ref  DFF        r:/WORK/system_top/register8_16_inst/REG_FILE_reg[2][2]
  Impl DFF        i:/WORK/system_top/register8_16_inst/REG_FILE_reg[2][2]

  Ref  DFF        r:/WORK/system_top/register8_16_inst/REG_FILE_reg[2][3]
  Impl DFF        i:/WORK/system_top/register8_16_inst/REG_FILE_reg[2][3]

  Ref  DFF        r:/WORK/system_top/register8_16_inst/REG_FILE_reg[2][4]
  Impl DFF        i:/WORK/system_top/register8_16_inst/REG_FILE_reg[2][4]

  Ref  DFF        r:/WORK/system_top/register8_16_inst/REG_FILE_reg[2][5]
  Impl DFF        i:/WORK/system_top/register8_16_inst/REG_FILE_reg[2][5]

  Ref  DFF        r:/WORK/system_top/register8_16_inst/REG_FILE_reg[2][6]
  Impl DFF        i:/WORK/system_top/register8_16_inst/REG_FILE_reg[2][6]

  Ref  DFF        r:/WORK/system_top/register8_16_inst/REG_FILE_reg[2][7]
  Impl DFF        i:/WORK/system_top/register8_16_inst/REG_FILE_reg[2][7]

  Ref  DFF        r:/WORK/system_top/register8_16_inst/REG_FILE_reg[3][0]
  Impl DFF        i:/WORK/system_top/register8_16_inst/REG_FILE_reg[3][0]

  Ref  DFF        r:/WORK/system_top/register8_16_inst/REG_FILE_reg[3][1]
  Impl DFF        i:/WORK/system_top/register8_16_inst/REG_FILE_reg[3][1]

  Ref  DFF        r:/WORK/system_top/register8_16_inst/REG_FILE_reg[3][2]
  Impl DFF        i:/WORK/system_top/register8_16_inst/REG_FILE_reg[3][2]

  Ref  DFF        r:/WORK/system_top/register8_16_inst/REG_FILE_reg[3][3]
  Impl DFF        i:/WORK/system_top/register8_16_inst/REG_FILE_reg[3][3]

  Ref  DFF        r:/WORK/system_top/register8_16_inst/REG_FILE_reg[3][4]
  Impl DFF        i:/WORK/system_top/register8_16_inst/REG_FILE_reg[3][4]

  Ref  DFF        r:/WORK/system_top/register8_16_inst/REG_FILE_reg[3][5]
  Impl DFF        i:/WORK/system_top/register8_16_inst/REG_FILE_reg[3][5]

  Ref  DFF        r:/WORK/system_top/register8_16_inst/REG_FILE_reg[3][6]
  Impl DFF        i:/WORK/system_top/register8_16_inst/REG_FILE_reg[3][6]

  Ref  DFF        r:/WORK/system_top/register8_16_inst/REG_FILE_reg[3][7]
  Impl DFF        i:/WORK/system_top/register8_16_inst/REG_FILE_reg[3][7]

  Ref  DFF        r:/WORK/system_top/register8_16_inst/REG_FILE_reg[4][0]
  Impl DFF        i:/WORK/system_top/register8_16_inst/REG_FILE_reg[4][0]

  Ref  DFF        r:/WORK/system_top/register8_16_inst/REG_FILE_reg[4][1]
  Impl DFF        i:/WORK/system_top/register8_16_inst/REG_FILE_reg[4][1]

  Ref  DFF        r:/WORK/system_top/register8_16_inst/REG_FILE_reg[4][2]
  Impl DFF        i:/WORK/system_top/register8_16_inst/REG_FILE_reg[4][2]

  Ref  DFF        r:/WORK/system_top/register8_16_inst/REG_FILE_reg[4][3]
  Impl DFF        i:/WORK/system_top/register8_16_inst/REG_FILE_reg[4][3]

  Ref  DFF        r:/WORK/system_top/register8_16_inst/REG_FILE_reg[4][4]
  Impl DFF        i:/WORK/system_top/register8_16_inst/REG_FILE_reg[4][4]

  Ref  DFF        r:/WORK/system_top/register8_16_inst/REG_FILE_reg[4][5]
  Impl DFF        i:/WORK/system_top/register8_16_inst/REG_FILE_reg[4][5]

  Ref  DFF        r:/WORK/system_top/register8_16_inst/REG_FILE_reg[4][6]
  Impl DFF        i:/WORK/system_top/register8_16_inst/REG_FILE_reg[4][6]

  Ref  DFF        r:/WORK/system_top/register8_16_inst/REG_FILE_reg[4][7]
  Impl DFF        i:/WORK/system_top/register8_16_inst/REG_FILE_reg[4][7]

  Ref  DFF        r:/WORK/system_top/register8_16_inst/REG_FILE_reg[5][0]
  Impl DFF        i:/WORK/system_top/register8_16_inst/REG_FILE_reg[5][0]

  Ref  DFF        r:/WORK/system_top/register8_16_inst/REG_FILE_reg[5][1]
  Impl DFF        i:/WORK/system_top/register8_16_inst/REG_FILE_reg[5][1]

  Ref  DFF        r:/WORK/system_top/register8_16_inst/REG_FILE_reg[5][2]
  Impl DFF        i:/WORK/system_top/register8_16_inst/REG_FILE_reg[5][2]

  Ref  DFF        r:/WORK/system_top/register8_16_inst/REG_FILE_reg[5][3]
  Impl DFF        i:/WORK/system_top/register8_16_inst/REG_FILE_reg[5][3]

  Ref  DFF        r:/WORK/system_top/register8_16_inst/REG_FILE_reg[5][4]
  Impl DFF        i:/WORK/system_top/register8_16_inst/REG_FILE_reg[5][4]

  Ref  DFF        r:/WORK/system_top/register8_16_inst/REG_FILE_reg[5][5]
  Impl DFF        i:/WORK/system_top/register8_16_inst/REG_FILE_reg[5][5]

  Ref  DFF        r:/WORK/system_top/register8_16_inst/REG_FILE_reg[5][6]
  Impl DFF        i:/WORK/system_top/register8_16_inst/REG_FILE_reg[5][6]

  Ref  DFF        r:/WORK/system_top/register8_16_inst/REG_FILE_reg[5][7]
  Impl DFF        i:/WORK/system_top/register8_16_inst/REG_FILE_reg[5][7]

  Ref  DFF        r:/WORK/system_top/register8_16_inst/REG_FILE_reg[6][0]
  Impl DFF        i:/WORK/system_top/register8_16_inst/REG_FILE_reg[6][0]

  Ref  DFF        r:/WORK/system_top/register8_16_inst/REG_FILE_reg[6][1]
  Impl DFF        i:/WORK/system_top/register8_16_inst/REG_FILE_reg[6][1]

  Ref  DFF        r:/WORK/system_top/register8_16_inst/REG_FILE_reg[6][2]
  Impl DFF        i:/WORK/system_top/register8_16_inst/REG_FILE_reg[6][2]

  Ref  DFF        r:/WORK/system_top/register8_16_inst/REG_FILE_reg[6][3]
  Impl DFF        i:/WORK/system_top/register8_16_inst/REG_FILE_reg[6][3]

  Ref  DFF        r:/WORK/system_top/register8_16_inst/REG_FILE_reg[6][4]
  Impl DFF        i:/WORK/system_top/register8_16_inst/REG_FILE_reg[6][4]

  Ref  DFF        r:/WORK/system_top/register8_16_inst/REG_FILE_reg[6][5]
  Impl DFF        i:/WORK/system_top/register8_16_inst/REG_FILE_reg[6][5]

  Ref  DFF        r:/WORK/system_top/register8_16_inst/REG_FILE_reg[6][6]
  Impl DFF        i:/WORK/system_top/register8_16_inst/REG_FILE_reg[6][6]

  Ref  DFF        r:/WORK/system_top/register8_16_inst/REG_FILE_reg[6][7]
  Impl DFF        i:/WORK/system_top/register8_16_inst/REG_FILE_reg[6][7]

  Ref  DFF        r:/WORK/system_top/register8_16_inst/REG_FILE_reg[7][0]
  Impl DFF        i:/WORK/system_top/register8_16_inst/REG_FILE_reg[7][0]

  Ref  DFF        r:/WORK/system_top/register8_16_inst/REG_FILE_reg[7][1]
  Impl DFF        i:/WORK/system_top/register8_16_inst/REG_FILE_reg[7][1]

  Ref  DFF        r:/WORK/system_top/register8_16_inst/REG_FILE_reg[7][2]
  Impl DFF        i:/WORK/system_top/register8_16_inst/REG_FILE_reg[7][2]

  Ref  DFF        r:/WORK/system_top/register8_16_inst/REG_FILE_reg[7][3]
  Impl DFF        i:/WORK/system_top/register8_16_inst/REG_FILE_reg[7][3]

  Ref  DFF        r:/WORK/system_top/register8_16_inst/REG_FILE_reg[7][4]
  Impl DFF        i:/WORK/system_top/register8_16_inst/REG_FILE_reg[7][4]

  Ref  DFF        r:/WORK/system_top/register8_16_inst/REG_FILE_reg[7][5]
  Impl DFF        i:/WORK/system_top/register8_16_inst/REG_FILE_reg[7][5]

  Ref  DFF        r:/WORK/system_top/register8_16_inst/REG_FILE_reg[7][6]
  Impl DFF        i:/WORK/system_top/register8_16_inst/REG_FILE_reg[7][6]

  Ref  DFF        r:/WORK/system_top/register8_16_inst/REG_FILE_reg[7][7]
  Impl DFF        i:/WORK/system_top/register8_16_inst/REG_FILE_reg[7][7]

  Ref  DFF        r:/WORK/system_top/register8_16_inst/REG_FILE_reg[8][0]
  Impl DFF        i:/WORK/system_top/register8_16_inst/REG_FILE_reg[8][0]

  Ref  DFF        r:/WORK/system_top/register8_16_inst/REG_FILE_reg[8][1]
  Impl DFF        i:/WORK/system_top/register8_16_inst/REG_FILE_reg[8][1]

  Ref  DFF        r:/WORK/system_top/register8_16_inst/REG_FILE_reg[8][2]
  Impl DFF        i:/WORK/system_top/register8_16_inst/REG_FILE_reg[8][2]

  Ref  DFF        r:/WORK/system_top/register8_16_inst/REG_FILE_reg[8][3]
  Impl DFF        i:/WORK/system_top/register8_16_inst/REG_FILE_reg[8][3]

  Ref  DFF        r:/WORK/system_top/register8_16_inst/REG_FILE_reg[8][4]
  Impl DFF        i:/WORK/system_top/register8_16_inst/REG_FILE_reg[8][4]

  Ref  DFF        r:/WORK/system_top/register8_16_inst/REG_FILE_reg[8][5]
  Impl DFF        i:/WORK/system_top/register8_16_inst/REG_FILE_reg[8][5]

  Ref  DFF        r:/WORK/system_top/register8_16_inst/REG_FILE_reg[8][6]
  Impl DFF        i:/WORK/system_top/register8_16_inst/REG_FILE_reg[8][6]

  Ref  DFF        r:/WORK/system_top/register8_16_inst/REG_FILE_reg[8][7]
  Impl DFF        i:/WORK/system_top/register8_16_inst/REG_FILE_reg[8][7]

  Ref  DFF        r:/WORK/system_top/register8_16_inst/REG_FILE_reg[9][0]
  Impl DFF        i:/WORK/system_top/register8_16_inst/REG_FILE_reg[9][0]

  Ref  DFF        r:/WORK/system_top/register8_16_inst/REG_FILE_reg[9][1]
  Impl DFF        i:/WORK/system_top/register8_16_inst/REG_FILE_reg[9][1]

  Ref  DFF        r:/WORK/system_top/register8_16_inst/REG_FILE_reg[9][2]
  Impl DFF        i:/WORK/system_top/register8_16_inst/REG_FILE_reg[9][2]

  Ref  DFF        r:/WORK/system_top/register8_16_inst/REG_FILE_reg[9][3]
  Impl DFF        i:/WORK/system_top/register8_16_inst/REG_FILE_reg[9][3]

  Ref  DFF        r:/WORK/system_top/register8_16_inst/REG_FILE_reg[9][4]
  Impl DFF        i:/WORK/system_top/register8_16_inst/REG_FILE_reg[9][4]

  Ref  DFF        r:/WORK/system_top/register8_16_inst/REG_FILE_reg[9][5]
  Impl DFF        i:/WORK/system_top/register8_16_inst/REG_FILE_reg[9][5]

  Ref  DFF        r:/WORK/system_top/register8_16_inst/REG_FILE_reg[9][6]
  Impl DFF        i:/WORK/system_top/register8_16_inst/REG_FILE_reg[9][6]

  Ref  DFF        r:/WORK/system_top/register8_16_inst/REG_FILE_reg[9][7]
  Impl DFF        i:/WORK/system_top/register8_16_inst/REG_FILE_reg[9][7]

  Ref  DFF        r:/WORK/system_top/register8_16_inst/RdData_Valid_reg
  Impl DFF        i:/WORK/system_top/register8_16_inst/RdData_Valid_reg

  Ref  DFF        r:/WORK/system_top/register8_16_inst/RdData_reg[0]
  Impl DFF        i:/WORK/system_top/register8_16_inst/RdData_reg[0]

  Ref  DFF        r:/WORK/system_top/register8_16_inst/RdData_reg[1]
  Impl DFF        i:/WORK/system_top/register8_16_inst/RdData_reg[1]

  Ref  DFF        r:/WORK/system_top/register8_16_inst/RdData_reg[2]
  Impl DFF        i:/WORK/system_top/register8_16_inst/RdData_reg[2]

  Ref  DFF        r:/WORK/system_top/register8_16_inst/RdData_reg[3]
  Impl DFF        i:/WORK/system_top/register8_16_inst/RdData_reg[3]

  Ref  DFF        r:/WORK/system_top/register8_16_inst/RdData_reg[4]
  Impl DFF        i:/WORK/system_top/register8_16_inst/RdData_reg[4]

  Ref  DFF        r:/WORK/system_top/register8_16_inst/RdData_reg[5]
  Impl DFF        i:/WORK/system_top/register8_16_inst/RdData_reg[5]

  Ref  DFF        r:/WORK/system_top/register8_16_inst/RdData_reg[6]
  Impl DFF        i:/WORK/system_top/register8_16_inst/RdData_reg[6]

  Ref  DFF        r:/WORK/system_top/register8_16_inst/RdData_reg[7]
  Impl DFF        i:/WORK/system_top/register8_16_inst/RdData_reg[7]

  Ref  Port       r:/WORK/system_top/Parity_Error
  Impl Port       i:/WORK/system_top/Parity_Error

  Ref  Port       r:/WORK/system_top/Stop_Error
  Impl Port       i:/WORK/system_top/Stop_Error

  Ref  Port       r:/WORK/system_top/TX_OUT
  Impl Port       i:/WORK/system_top/TX_OUT

 [BBNet: multiply-driven net
  BBPin: black-box pin
  Cut:   cut-point
  DFF:   non-constant DFF register
  DFF0:  constant 0 DFF register
  DFF1:  constant 1 DFF register
  DFFX:  constant X DFF register
  DFF0X: constrained 0X DFF register
  DFF1X: constrained 1X DFF register
  LAT:   non-constant latch register
  LAT0:  constant 0 latch register
  LAT1:  constant 1 latch register
  LATX:  constant X latch register
  LAT0X: constrained 0X latch register
  LAT1X: constrained 1X latch register
  LATCG: clock-gating latch register
  TLA:   transparent latch register
  TLA0X: transparent constrained 0X latch register
  TLA1X: transparent constrained 1X latch register
  Loop:  cycle break point
  Port:  primary (top-level) port
  Und:   undriven signal cut-point
  Unk:   unknown signal cut-point]

1
